stm32f4xx_ll_rcc.h:2951:22:LL_RCC_HSE_Enable	4	static
stm32f4xx_ll_rcc.h:2971:26:LL_RCC_HSE_IsReady	4	static
stm32f4xx_ll_rcc.h:3190:22:LL_RCC_SetSysClkSource	16	static
stm32f4xx_ll_rcc.h:3206:26:LL_RCC_GetSysClkSource	4	static
stm32f4xx_ll_rcc.h:3226:22:LL_RCC_SetAHBPrescaler	16	static
stm32f4xx_ll_rcc.h:3242:22:LL_RCC_SetAPB1Prescaler	16	static
stm32f4xx_ll_rcc.h:3258:22:LL_RCC_SetAPB2Prescaler	16	static
stm32f4xx_ll_rcc.h:4186:22:LL_RCC_PLL_Enable	4	static
stm32f4xx_ll_rcc.h:4207:26:LL_RCC_PLL_IsReady	4	static
stm32f4xx_ll_rcc.h:4306:22:LL_RCC_PLL_ConfigDomain_SYS	24	static
stm32f4xx_ll_rcc.h:4412:22:LL_RCC_PLL_ConfigDomain_48M	24	static
stm32f4xx_ll_rcc.h:5135:22:LL_RCC_PLLI2S_Enable	4	static
stm32f4xx_ll_rcc.h:5155:26:LL_RCC_PLLI2S_IsReady	4	static
stm32f4xx_ll_rcc.h:5663:22:LL_RCC_PLLI2S_ConfigDomain_I2S	32	static
stm32f4xx_ll_bus.h:411:22:LL_AHB1_GRP1_EnableClock	24	static
stm32f4xx_ll_system.h:670:22:LL_SYSCFG_SetEXTISource	24	static,ignoring_inline_asm
stm32f4xx_ll_system.h:1542:22:LL_FLASH_SetLatency	16	static
stm32f4xx_ll_system.h:1568:26:LL_FLASH_GetLatency	4	static
stm32f4xx_ll_pwr.h:507:22:LL_PWR_SetRegulVoltageScaling	16	static
stm32f4xx_ll_gpio.h:274:22:LL_GPIO_SetPinMode	40	static,ignoring_inline_asm
stm32f4xx_ll_gpio.h:485:22:LL_GPIO_SetPinPull	40	static,ignoring_inline_asm
stm32f4xx_ll_gpio.h:882:22:LL_GPIO_SetOutputPin	16	static
stm32f4xx_ll_gpio.h:911:22:LL_GPIO_ResetOutputPin	16	static
stm32f4xx_ll_gpio.h:940:22:LL_GPIO_TogglePin	24	static
main.c:76:5:main	8	static
main.c:143:6:SystemClock_Config	8	static
main.c:189:6:PeriphCommonClock_Config	8	static
main.c:206:13:MX_I2C1_Init	8	static
main.c:240:13:MX_I2S3_Init	8	static
main.c:274:13:MX_SPI1_Init	8	static
main.c:312:13:MX_GPIO_Init	40	static
main.c:432:6:Error_Handler	4	static,ignoring_inline_asm
